// Jest Snapshot v1, https://goo.gl/fbAQLP

exports[`renders as expected 1`] = `
<div
  className="profile-container"
>
  <div
    className="profile-missions"
  >
    <h2>
      My Missions
    </h2>
    <div
      className="list-group"
      onKeyDown={[Function]}
    />
  </div>
  <div
    className="profile-rockets"
  >
    <h2>
      My Rockets
    </h2>
    <div
      className="list-group"
      onKeyDown={[Function]}
    />
  </div>
</div>
`;
